app/jeopardy/page.tsx(177,37): error TS7006: Parameter 'q' implicitly has an 'any' type.
app/jeopardy/page.tsx(177,40): error TS7006: Parameter 'qIndex' implicitly has an 'any' type.
app/jeopardy/page.tsx(219,35): error TS7006: Parameter 'q' implicitly has an 'any' type.
app/jeopardy/page.tsx(219,38): error TS7006: Parameter 'qIndex' implicitly has an 'any' type.
